  Determining projects to restore...
c:\Users\38161\Desktop\Landlord\LandlordApp\Lander.csproj : warning NU1510: PackageReference Microsoft.AspNetCore.SignalR.Common will not be pruned. Consider removing this package from your dependencies, as it is likely unnecessary. [c:\Users\38161\Desktop\Landlord\LandlordApp.Tests\LandlordApp.Tests.csproj]
c:\Users\38161\Desktop\Landlord\LandlordApp\Lander.csproj : warning NU1510: PackageReference Microsoft.AspNetCore.SignalR.Core will not be pruned. Consider removing this package from your dependencies, as it is likely unnecessary. [c:\Users\38161\Desktop\Landlord\LandlordApp.Tests\LandlordApp.Tests.csproj]
  All projects are up-to-date for restore.
c:\Users\38161\Desktop\Landlord\LandlordApp\Lander.csproj : warning NU1510: PackageReference Microsoft.AspNetCore.SignalR.Common will not be pruned. Consider removing this package from your dependencies, as it is likely unnecessary.
c:\Users\38161\Desktop\Landlord\LandlordApp\Lander.csproj : warning NU1510: PackageReference Microsoft.AspNetCore.SignalR.Core will not be pruned. Consider removing this package from your dependencies, as it is likely unnecessary.
  Lander -> c:\Users\38161\Desktop\Landlord\LandlordApp\bin\Debug\net10.0\Lander.dll
  LandlordApp.Tests -> c:\Users\38161\Desktop\Landlord\LandlordApp.Tests\bin\Debug\net10.0\LandlordApp.Tests.dll
Test run for c:\Users\38161\Desktop\Landlord\LandlordApp.Tests\bin\Debug\net10.0\LandlordApp.Tests.dll (.NETCoreApp,Version=v10.0)
VSTest version 18.0.1 (x64)

Starting test execution, please wait...
A total of 1 test files matched the specified pattern.
[xUnit.net 00:00:00.00] xUnit.net VSTest Adapter v3.1.4+50e68bbb8b (64-bit .NET 10.0.3)
[xUnit.net 00:00:00.14]   Discovering: LandlordApp.Tests
[xUnit.net 00:00:00.22]   Discovered:  LandlordApp.Tests
[xUnit.net 00:00:00.28]   Starting:    LandlordApp.Tests
     Warning:
     The component "Fluent Assertions" is governed by the rules defined in the Xceed License Agreement and
     the Xceed Fluent Assertions Community License. You may use Fluent Assertions free of charge for
     non-commercial use only. An active subscription is required to use Fluent Assertions for commercial use.
     Please contact Xceed Sales mailto:sales@xceed.com to acquire a subscription at a very low cost.
     A paid commercial license supports the development and continued increasing support of
     Fluent Assertions users under both commercial and community licenses. Help us
     keep Fluent Assertions at the forefront of unit testing.
     For more information, visit https://xceed.com/products/unit-testing/fluent-assertions/
  Passed LandlordApp.Tests.Services.SearchRequestServiceTests.GetSearchRequestByIdAsync_NonExistent_ShouldReturnNull [1 s]
  Passed LandlordApp.Tests.Services.UserServiceTests.DeactivateUserAsync_ExistingUser_ShouldSetIsActiveToFalse [502 ms]
  Passed LandlordApp.Tests.Services.UserServiceTests.LoginUserAsync_InvalidEmail_ShouldReturnNull [74 ms]
  Passed LandlordApp.Tests.Services.ApartmentServiceTests.GetApartmentByIdAsync_ExistingApartment_ShouldReturnApartment [1 s]
  Passed LandlordApp.Tests.Services.SearchRequestServiceTests.CreateSearchRequestAsync_SaleType_ShouldRespectType [203 ms]
  Passed LandlordApp.Tests.Services.ApartmentServiceTests.DeleteApartmentAsync_NonExistentApartment_ShouldReturnFalse [56 ms]
  Passed LandlordApp.Tests.Services.UserServiceTests.RegisterUserAsync_ValidInput_ShouldCreateUser [62 ms]
  Passed LandlordApp.Tests.Services.UserServiceTests.LoginUserAsync_InvalidPassword_ShouldReturnNull [14 ms]
  Passed LandlordApp.Tests.Services.SavedSearchServiceTests.DeleteSavedSearchAsync_WrongUser_ShouldReturnFalse [99 ms]
  Passed LandlordApp.Tests.Services.SavedSearchServiceTests.DeleteSavedSearchAsync_NonExistent_ShouldReturnFalse [1 ms]
  Passed LandlordApp.Tests.Services.UserServiceTests.DeactivateUserAsync_NonExistentUser_ShouldNotThrowException [5 ms]
  Passed LandlordApp.Tests.Services.UserServiceTests.GetUserByGuidAsync_ExistingUser_ShouldReturnUser [4 ms]
  Passed LandlordApp.Tests.Services.UserServiceTests.RegisterUserAsync_ValidInput_ShouldSendWelcomeEmail [11 ms]
  Passed LandlordApp.Tests.Services.SavedSearchServiceTests.GetSavedSearchByIdAsync_Existing_ShouldReturn [21 ms]
  Passed LandlordApp.Tests.Services.SavedSearchServiceTests.DeleteSavedSearchAsync_ValidOwner_ShouldSoftDelete [7 ms]
  Passed LandlordApp.Tests.Services.UserServiceTests.ReactivateUserAsync_DeactivatedUser_ShouldSetIsActiveToTrue [27 ms]
  Passed LandlordApp.Tests.Services.ApartmentServiceTests.UpdateApartmentAsync_NonExistentApartment_ShouldThrowException [73 ms]
  Passed LandlordApp.Tests.Services.SearchRequestServiceTests.GetAllSearchRequestsAsync_Paged_ShouldReturnCorrectPage [102 ms]
  Passed LandlordApp.Tests.Services.SavedSearchServiceTests.UpdateSavedSearchAsync_WrongUser_ShouldThrowException [28 ms]
  Passed LandlordApp.Tests.Services.SavedSearchServiceTests.GetSavedSearchByIdAsync_Inactive_ShouldReturnNull [2 ms]
  Passed LandlordApp.Tests.Services.SavedSearchServiceTests.UpdateSavedSearchAsync_NonExistent_ShouldThrowException [3 ms]
  Passed LandlordApp.Tests.Services.SavedSearchServiceTests.UpdateSavedSearchAsync_ValidOwner_ShouldUpdate [7 ms]
  Passed LandlordApp.Tests.Services.UserServiceTests.RegisterUserAsync_ShouldHashPassword [27 ms]
  Passed LandlordApp.Tests.Services.SearchRequestServiceTests.GetAllSearchRequestsAsync_FilterByCity_ShouldReturnMatchingOnly [29 ms]
  Passed LandlordApp.Tests.Services.SavedSearchServiceTests.CreateSavedSearchAsync_ValidInput_ShouldCreateAndReturn [21 ms]
  Passed LandlordApp.Tests.Services.SearchRequestServiceTests.UpdateSearchRequestAsync_ValidOwner_ShouldUpdate [31 ms]
  Passed LandlordApp.Tests.Services.SavedSearchServiceTests.GetSavedSearchesByUserIdAsync_WithSearches_ShouldReturnOnlyUserSearches [23 ms]
  Passed LandlordApp.Tests.Services.SavedSearchServiceTests.GetSavedSearchByIdAsync_NonExistent_ShouldReturnNull [1 ms]
  Passed LandlordApp.Tests.Services.SearchRequestServiceTests.GetSearchRequestByIdAsync_ExistingActive_ShouldReturn [4 ms]
  Passed LandlordApp.Tests.Services.SavedSearchServiceTests.GetSavedSearchesByUserIdAsync_NoSearches_ShouldReturnEmpty [9 ms]
  Passed LandlordApp.Tests.Services.SavedSearchServiceTests.CreateSavedSearchAsync_NotificationsDisabled_ShouldRespectSetting [4 ms]
  Passed LandlordApp.Tests.Services.SavedSearchServiceTests.GetSavedSearchesByUserIdAsync_InactiveSearches_ShouldBeExcluded [2 ms]
  Passed LandlordApp.Tests.Services.UserServiceTests.LoginUserAsync_ValidCredentials_ShouldReturnToken [104 ms]
  Passed LandlordApp.Tests.Services.UserServiceTests.GetUserByGuidAsync_NonExistentUser_ShouldReturnNull [2 ms]
  Passed LandlordApp.Tests.Services.ApartmentServiceTests.CreateApartmentAsync_WithImages_ShouldCreateApartmentWithImages [196 ms]
[xUnit.net 00:00:02.11]       Expected result to contain 1 item(s), but found 2: {
[xUnit.net 00:00:02.11]           Lander.src.Modules.SearchRequests.Dtos.Dto.SearchRequestDto
[xUnit.net 00:00:02.11]           {
[xUnit.net 00:00:02.11]               AvailableFrom = <null>,
[xUnit.net 00:00:02.11]               AvailableUntil = <null>,
[xUnit.net 00:00:02.11]               BudgetMax = 2000M,
[xUnit.net 00:00:02.11]               BudgetMin = 1000M,
[xUnit.net 00:00:02.11]               City = "Novi Sad",
[xUnit.net 00:00:02.11]               CreatedDate = <2026-02-21 19:16:56.1899823>,
[xUnit.net 00:00:02.11]               Description = <null>,
[xUnit.net 00:00:02.11]               FirstName = "Ana",
[xUnit.net 00:00:02.11]               HasBalcony = <null>,
[xUnit.net 00:00:02.11]               HasParking = <null>,
[xUnit.net 00:00:02.11]               IsActive = True,
[xUnit.net 00:00:02.11]               IsFurnished = <null>,
[xUnit.net 00:00:02.11]               LastName = "A",
[xUnit.net 00:00:02.11]               LookingForPetFriendly = <null>,
[xUnit.net 00:00:02.11]               LookingForSmokingAllowed = <null>,
[xUnit.net 00:00:02.11]               NumberOfRooms = <null>,
[xUnit.net 00:00:02.11]               PetFriendly = <null>,
[xUnit.net 00:00:02.11]               PostalCode = <null>,
[xUnit.net 00:00:02.11]               PreferredLifestyle = <null>,
[xUnit.net 00:00:02.11]               PreferredLocation = <null>,
[xUnit.net 00:00:02.11]               ProfilePicture = <null>,
[xUnit.net 00:00:02.11]               RequestType = SearchRequestType.LookingForApartment {value: 1},
[xUnit.net 00:00:02.11]               SearchRequestId = 2,
[xUnit.net 00:00:02.11]               SizeSquareMeters = <null>,
[xUnit.net 00:00:02.11]               SmokingAllowed = <null>,
[xUnit.net 00:00:02.11]               Title = "Looking in Novi Sad",
[xUnit.net 00:00:02.11]               UserId = 2
[xUnit.net 00:00:02.11]           },
[xUnit.net 00:00:02.11]           Lander.src.Modules.SearchRequests.Dtos.Dto.SearchRequestDto
[xUnit.net 00:00:02.11]           {
[xUnit.net 00:00:02.11]               AvailableFrom = <null>,
[xUnit.net 00:00:02.11]               AvailableUntil = <null>,
[xUnit.net 00:00:02.11]               BudgetMax = 400M,
[xUnit.net 00:00:02.11]               BudgetMin = 200M,
[xUnit.net 00:00:02.11]               City = "Beograd",
[xUnit.net 00:00:02.11]               CreatedDate = <2026-02-21 19:16:56.1892467>,
[xUnit.net 00:00:02.11]               Description = <null>,
[xUnit.net 00:00:02.11]               FirstName = "Marko",
[xUnit.net 00:00:02.11]               HasBalcony = <null>,
[xUnit.net 00:00:02.11]               HasParking = <null>,
[xUnit.net 00:00:02.11]               IsActive = True,
[xUnit.net 00:00:02.11]               IsFurnished = <null>,
[xUnit.net 00:00:02.11]               LastName = "M",
[xUnit.net 00:00:02.11]               LookingForPetFriendly = <null>,
[xUnit.net 00:00:02.11]               LookingForSmokingAllowed = <null>,
[xUnit.net 00:00:02.11]               NumberOfRooms = <null>,
[xUnit.net 00:00:02.11]               PetFriendly = <null>,
[xUnit.net 00:00:02.11]               PostalCode = <null>,
[xUnit.net 00:00:02.11]               PreferredLifestyle = <null>,
[xUnit.net 00:00:02.11]               PreferredLocation = <null>,
[xUnit.net 00:00:02.11]               ProfilePicture = <null>,
[xUnit.net 00:00:02.11]               RequestType = SearchRequestType.LookingForApartment {value: 1},
[xUnit.net 00:00:02.11]               SearchRequestId = 1,
[xUnit.net 00:00:02.11]               SizeSquareMeters = <null>,
[xUnit.net 00:00:02.11]               SmokingAllowed = <null>,
[xUnit.net 00:00:02.11]               Title = "Looking in Beograd",
[xUnit.net 00:00:02.11]               UserId = 1
[xUnit.net 00:00:02.11]           }
[xUnit.net 00:00:02.11]       }.
[xUnit.net 00:00:02.11]       Stack Trace:
[xUnit.net 00:00:02.11]            at FluentAssertions.Execution.LateBoundTestFramework.Throw(String message)
[xUnit.net 00:00:02.11]            at FluentAssertions.Execution.DefaultAssertionStrategy.HandleFailure(String message)
[xUnit.net 00:00:02.11]            at FluentAssertions.Execution.AssertionScope.AddPreFormattedFailure(String formattedFailureMessage)
[xUnit.net 00:00:02.11]            at FluentAssertions.Execution.AssertionChain.FailWith(Func`1 getFailureReason)
[xUnit.net 00:00:02.11]            at FluentAssertions.Execution.AssertionChain.FailWith(Func`1 getFailureReason)
[xUnit.net 00:00:02.11]            at FluentAssertions.Execution.AssertionChain.FailWith(String message, Object[] args)
[xUnit.net 00:00:02.11]            at FluentAssertions.Collections.GenericCollectionAssertions`3.HaveCount(Int32 expected, String because, Object[] becauseArgs)
[xUnit.net 00:00:02.11]         c:\Users\38161\Desktop\Landlord\LandlordApp.Tests\Services\SearchRequestServiceTests.cs(146,0): at LandlordApp.Tests.Services.SearchRequestServiceTests.GetAllSearchRequestsAsync_FilterByBudget_ShouldReturnMatchingOnly()
[xUnit.net 00:00:02.11]         --- End of stack trace from previous location ---
  Failed LandlordApp.Tests.Services.SearchRequestServiceTests.GetAllSearchRequestsAsync_FilterByBudget_ShouldReturnMatchingOnly [163 ms]
  Error Message:
   Expected result to contain 1 item(s), but found 2: {
    Lander.src.Modules.SearchRequests.Dtos.Dto.SearchRequestDto
    {
        AvailableFrom = <null>,
        AvailableUntil = <null>,
        BudgetMax = 2000M,
        BudgetMin = 1000M,
        City = "Novi Sad",
        CreatedDate = <2026-02-21 19:16:56.1899823>,
        Description = <null>,
        FirstName = "Ana",
        HasBalcony = <null>,
        HasParking = <null>,
        IsActive = True,
        IsFurnished = <null>,
        LastName = "A",
        LookingForPetFriendly = <null>,
        LookingForSmokingAllowed = <null>,
        NumberOfRooms = <null>,
        PetFriendly = <null>,
        PostalCode = <null>,
        PreferredLifestyle = <null>,
        PreferredLocation = <null>,
        ProfilePicture = <null>,
        RequestType = SearchRequestType.LookingForApartment {value: 1},
        SearchRequestId = 2,
        SizeSquareMeters = <null>,
        SmokingAllowed = <null>,
        Title = "Looking in Novi Sad",
        UserId = 2
    },
    Lander.src.Modules.SearchRequests.Dtos.Dto.SearchRequestDto
    {
        AvailableFrom = <null>,
        AvailableUntil = <null>,
        BudgetMax = 400M,
        BudgetMin = 200M,
        City = "Beograd",
        CreatedDate = <2026-02-21 19:16:56.1892467>,
        Description = <null>,
        FirstName = "Marko",
        HasBalcony = <null>,
        HasParking = <null>,
        IsActive = True,
        IsFurnished = <null>,
        LastName = "M",
        LookingForPetFriendly = <null>,
        LookingForSmokingAllowed = <null>,
        NumberOfRooms = <null>,
        PetFriendly = <null>,
        PostalCode = <null>,
        PreferredLifestyle = <null>,
        PreferredLocation = <null>,
        ProfilePicture = <null>,
        RequestType = SearchRequestType.LookingForApartment {value: 1},
        SearchRequestId = 1,
        SizeSquareMeters = <null>,
        SmokingAllowed = <null>,
        Title = "Looking in Beograd",
        UserId = 1
    }
}.
  Stack Trace:
     at FluentAssertions.Execution.LateBoundTestFramework.Throw(String message)
   at FluentAssertions.Execution.DefaultAssertionStrategy.HandleFailure(String message)
   at FluentAssertions.Execution.AssertionScope.AddPreFormattedFailure(String formattedFailureMessage)
   at FluentAssertions.Execution.AssertionChain.FailWith(Func`1 getFailureReason)
   at FluentAssertions.Execution.AssertionChain.FailWith(Func`1 getFailureReason)
   at FluentAssertions.Execution.AssertionChain.FailWith(String message, Object[] args)
   at FluentAssertions.Collections.GenericCollectionAssertions`3.HaveCount(Int32 expected, String because, Object[] becauseArgs)
   at LandlordApp.Tests.Services.SearchRequestServiceTests.GetAllSearchRequestsAsync_FilterByBudget_ShouldReturnMatchingOnly() in c:\Users\38161\Desktop\Landlord\LandlordApp.Tests\Services\SearchRequestServiceTests.cs:line 146
--- End of stack trace from previous location ---
  Passed LandlordApp.Tests.Services.SearchRequestServiceTests.GetAllSearchRequestsAsync_Paged_LastPage_ShouldReturnRemainder [6 ms]
  Passed LandlordApp.Tests.Services.ApartmentServiceTests.CreateApartmentAsync_ValidInput_ShouldCreateApartment [80 ms]
  Passed LandlordApp.Tests.Services.ApartmentApplicationServiceTests.GetLandlordApplicationsAsync_NoApartments_ShouldReturnEmpty [155 ms]
  Passed LandlordApp.Tests.Services.SearchRequestServiceTests.GetSearchRequestsByUserIdAsync_ShouldReturnOnlyForUser [41 ms]
  Passed LandlordApp.Tests.Services.SearchRequestServiceTests.GetSearchRequestByIdAsync_Inactive_ShouldReturnNull [11 ms]
  Passed LandlordApp.Tests.Services.ApartmentServiceTests.UpdateApartmentAsync_PartialUpdate_ShouldUpdateOnlyProvidedFields [24 ms]
  Passed LandlordApp.Tests.Services.SearchRequestServiceTests.CreateSearchRequestAsync_ValidInput_ShouldCreate [4 ms]
  Passed LandlordApp.Tests.Services.SearchRequestServiceTests.DeleteSearchRequestAsync_WrongUser_ShouldReturnFalse [13 ms]
  Passed LandlordApp.Tests.Services.MessageServiceTests.MarkAsReadAsync_AlreadyRead_ShouldNotChangeState [237 ms]
  Passed LandlordApp.Tests.Services.SearchRequestServiceTests.GetAllSearchRequestsAsync_NoFilters_ShouldReturnAllActive [19 ms]
  Passed LandlordApp.Tests.Services.ApartmentApplicationServiceTests.UpdateApplicationStatusAsync_NonExistentApplication_ShouldReturnNull [54 ms]
  Passed LandlordApp.Tests.Services.SearchRequestServiceTests.UpdateSearchRequestAsync_NonExistent_ShouldThrowException [5 ms]
  Passed LandlordApp.Tests.Services.SearchRequestServiceTests.DeleteSearchRequestAsync_NonExistent_ShouldReturnFalse [2 ms]
  Passed LandlordApp.Tests.Services.SearchRequestServiceTests.UpdateSearchRequestAsync_WrongUser_ShouldThrowException [13 ms]
  Passed LandlordApp.Tests.Services.SearchRequestServiceTests.DeleteSearchRequestAsync_ValidOwner_ShouldSoftDelete [34 ms]
  Passed LandlordApp.Tests.Services.MessageServiceTests.BlockUserAsync_ShouldSetIsBlocked [127 ms]
  Passed LandlordApp.Tests.Services.ApartmentApplicationServiceTests.UpdateApplicationStatusAsync_WrongLandlord_ShouldThrowUnauthorized [125 ms]
  Passed LandlordApp.Tests.Services.PaymentServiceTests.Constructor_ShouldSucceed [71 ms]
  Passed LandlordApp.Tests.Services.MessageServiceTests.GetUnreadCountAsync_ShouldReturnOnlyUnreadForUser [14 ms]
  Passed LandlordApp.Tests.Services.ApartmentApplicationServiceTests.UpdateApplicationStatusAsync_LandlordRejects_ShouldUpdateStatus [9 ms]
[xUnit.net 00:00:02.35]       System.AggregateException : One or more errors occurred. (Required properties '{'Password'}' are missing for the instance of entity type 'User'. Consider using 'DbContextOptionsBuilder.EnableSensitiveDataLogging' to see the entity key value.)
[xUnit.net 00:00:02.35]       ---- Microsoft.EntityFrameworkCore.DbUpdateException : Required properties '{'Password'}' are missing for the instance of entity type 'User'. Consider using 'DbContextOptionsBuilder.EnableSensitiveDataLogging' to see the entity key value.
[xUnit.net 00:00:02.35]       Stack Trace:
[xUnit.net 00:00:02.35]            at System.Threading.Tasks.Task.ThrowIfExceptional(Boolean includeTaskCanceledExceptions)
[xUnit.net 00:00:02.35]            at System.Threading.Tasks.Task.Wait(Int32 millisecondsTimeout, CancellationToken cancellationToken)
[xUnit.net 00:00:02.36]            at System.Threading.Tasks.Task.Wait()
[xUnit.net 00:00:02.36]         c:\Users\38161\Desktop\Landlord\LandlordApp.Tests\Services\RoommateServiceTests.cs(58,0): at LandlordApp.Tests.Services.RoommateServiceTests..ctor()
[xUnit.net 00:00:02.36]            at System.RuntimeType.CreateInstanceDefaultCtor(Boolean publicOnly, Boolean wrapExceptions)
[xUnit.net 00:00:02.36]         ----- Inner Stack Trace -----
[xUnit.net 00:00:02.36]            at Microsoft.EntityFrameworkCore.InMemory.Storage.Internal.InMemoryTable`1.ThrowNullabilityErrorException(IUpdateEntry entry, IList`1 nullabilityErrors)
[xUnit.net 00:00:02.36]            at Microsoft.EntityFrameworkCore.InMemory.Storage.Internal.InMemoryTable`1.Create(IUpdateEntry entry, IDiagnosticsLogger`1 updateLogger)
[xUnit.net 00:00:02.36]            at Microsoft.EntityFrameworkCore.InMemory.Storage.Internal.InMemoryStore.ExecuteTransaction(IList`1 entries, IDiagnosticsLogger`1 updateLogger)
[xUnit.net 00:00:02.36]            at Microsoft.EntityFrameworkCore.InMemory.Storage.Internal.InMemoryDatabase.SaveChangesAsync(IList`1 entries, CancellationToken cancellationToken)
[xUnit.net 00:00:02.36]            at Microsoft.EntityFrameworkCore.ChangeTracking.Internal.StateManager.SaveChangesAsync(IList`1 entriesToSave, CancellationToken cancellationToken)
[xUnit.net 00:00:02.36]            at Microsoft.EntityFrameworkCore.ChangeTracking.Internal.StateManager.SaveChangesAsync(StateManager stateManager, Boolean acceptAllChangesOnSuccess, CancellationToken cancellationToken)
[xUnit.net 00:00:02.36]            at Microsoft.EntityFrameworkCore.DbContext.SaveChangesAsync(Boolean acceptAllChangesOnSuccess, CancellationToken cancellationToken)
[xUnit.net 00:00:02.36]            at Microsoft.EntityFrameworkCore.DbContext.SaveChangesAsync(Boolean acceptAllChangesOnSuccess, CancellationToken cancellationToken)
[xUnit.net 00:00:02.36]         c:\Users\38161\Desktop\Landlord\LandlordApp.Tests\Services\RoommateServiceTests.cs(73,0): at LandlordApp.Tests.Services.RoommateServiceTests.SeedTestData()
[xUnit.net 00:00:02.40]       System.AggregateException : One or more errors occurred. (Required properties '{'Password'}' are missing for the instance of entity type 'User'. Consider using 'DbContextOptionsBuilder.EnableSensitiveDataLogging' to see the entity key value.)
[xUnit.net 00:00:02.40]       ---- Microsoft.EntityFrameworkCore.DbUpdateException : Required properties '{'Password'}' are missing for the instance of entity type 'User'. Consider using 'DbContextOptionsBuilder.EnableSensitiveDataLogging' to see the entity key value.
[xUnit.net 00:00:02.40]       Stack Trace:
[xUnit.net 00:00:02.40]            at System.Threading.Tasks.Task.ThrowIfExceptional(Boolean includeTaskCanceledExceptions)
[xUnit.net 00:00:02.40]            at System.Threading.Tasks.Task.Wait(Int32 millisecondsTimeout, CancellationToken cancellationToken)
[xUnit.net 00:00:02.40]            at System.Threading.Tasks.Task.Wait()
[xUnit.net 00:00:02.40]         c:\Users\38161\Desktop\Landlord\LandlordApp.Tests\Services\RoommateServiceTests.cs(58,0): at LandlordApp.Tests.Services.RoommateServiceTests..ctor()
[xUnit.net 00:00:02.40]            at System.RuntimeType.CreateInstanceDefaultCtor(Boolean publicOnly, Boolean wrapExceptions)
[xUnit.net 00:00:02.40]         ----- Inner Stack Trace -----
[xUnit.net 00:00:02.40]            at Microsoft.EntityFrameworkCore.InMemory.Storage.Internal.InMemoryTable`1.ThrowNullabilityErrorException(IUpdateEntry entry, IList`1 nullabilityErrors)
[xUnit.net 00:00:02.40]            at Microsoft.EntityFrameworkCore.InMemory.Storage.Internal.InMemoryTable`1.Create(IUpdateEntry entry, IDiagnosticsLogger`1 updateLogger)
[xUnit.net 00:00:02.40]            at Microsoft.EntityFrameworkCore.InMemory.Storage.Internal.InMemoryStore.ExecuteTransaction(IList`1 entries, IDiagnosticsLogger`1 updateLogger)
[xUnit.net 00:00:02.40]            at Microsoft.EntityFrameworkCore.InMemory.Storage.Internal.InMemoryDatabase.SaveChangesAsync(IList`1 entries, CancellationToken cancellationToken)
[xUnit.net 00:00:02.40]            at Microsoft.EntityFrameworkCore.ChangeTracking.Internal.StateManager.SaveChangesAsync(IList`1 entriesToSave, CancellationToken cancellationToken)
[xUnit.net 00:00:02.40]            at Microsoft.EntityFrameworkCore.ChangeTracking.Internal.StateManager.SaveChangesAsync(StateManager stateManager, Boolean acceptAllChangesOnSuccess, CancellationToken cancellationToken)
[xUnit.net 00:00:02.40]            at Microsoft.EntityFrameworkCore.DbContext.SaveChangesAsync(Boolean acceptAllChangesOnSuccess, CancellationToken cancellationToken)
[xUnit.net 00:00:02.40]            at Microsoft.EntityFrameworkCore.DbContext.SaveChangesAsync(Boolean acceptAllChangesOnSuccess, CancellationToken cancellationToken)
[xUnit.net 00:00:02.40]         c:\Users\38161\Desktop\Landlord\LandlordApp.Tests\Services\RoommateServiceTests.cs(73,0): at LandlordApp.Tests.Services.RoommateServiceTests.SeedTestData()
[xUnit.net 00:00:02.41]       System.AggregateException : One or more errors occurred. (Required properties '{'Password'}' are missing for the instance of entity type 'User'. Consider using 'DbContextOptionsBuilder.EnableSensitiveDataLogging' to see the entity key value.)
[xUnit.net 00:00:02.41]       ---- Microsoft.EntityFrameworkCore.DbUpdateException : Required properties '{'Password'}' are missing for the instance of entity type 'User'. Consider using 'DbContextOptionsBuilder.EnableSensitiveDataLogging' to see the entity key value.
[xUnit.net 00:00:02.41]       Stack Trace:
[xUnit.net 00:00:02.41]            at System.Threading.Tasks.Task.ThrowIfExceptional(Boolean includeTaskCanceledExceptions)
[xUnit.net 00:00:02.41]            at System.Threading.Tasks.Task.Wait(Int32 millisecondsTimeout, CancellationToken cancellationToken)
[xUnit.net 00:00:02.41]            at System.Threading.Tasks.Task.Wait()
[xUnit.net 00:00:02.41]         c:\Users\38161\Desktop\Landlord\LandlordApp.Tests\Services\RoommateServiceTests.cs(58,0): at LandlordApp.Tests.Services.RoommateServiceTests..ctor()
[xUnit.net 00:00:02.41]            at System.RuntimeType.CreateInstanceDefaultCtor(Boolean publicOnly, Boolean wrapExceptions)
[xUnit.net 00:00:02.41]         ----- Inner Stack Trace -----
[xUnit.net 00:00:02.41]            at Microsoft.EntityFrameworkCore.InMemory.Storage.Internal.InMemoryTable`1.ThrowNullabilityErrorException(IUpdateEntry entry, IList`1 nullabilityErrors)
[xUnit.net 00:00:02.41]            at Microsoft.EntityFrameworkCore.InMemory.Storage.Internal.InMemoryTable`1.Create(IUpdateEntry entry, IDiagnosticsLogger`1 updateLogger)
[xUnit.net 00:00:02.41]            at Microsoft.EntityFrameworkCore.InMemory.Storage.Internal.InMemoryStore.ExecuteTransaction(IList`1 entries, IDiagnosticsLogger`1 updateLogger)
[xUnit.net 00:00:02.41]            at Microsoft.EntityFrameworkCore.InMemory.Storage.Internal.InMemoryDatabase.SaveChangesAsync(IList`1 entries, CancellationToken cancellationToken)
[xUnit.net 00:00:02.41]            at Microsoft.EntityFrameworkCore.ChangeTracking.Internal.StateManager.SaveChangesAsync(IList`1 entriesToSave, CancellationToken cancellationToken)
[xUnit.net 00:00:02.41]            at Microsoft.EntityFrameworkCore.ChangeTracking.Internal.StateManager.SaveChangesAsync(StateManager stateManager, Boolean acceptAllChangesOnSuccess, CancellationToken cancellationToken)
[xUnit.net 00:00:02.41]            at Microsoft.EntityFrameworkCore.DbContext.SaveChangesAsync(Boolean acceptAllChangesOnSuccess, CancellationToken cancellationToken)
[xUnit.net 00:00:02.41]            at Microsoft.EntityFrameworkCore.DbContext.SaveChangesAsync(Boolean acceptAllChangesOnSuccess, CancellationToken cancellationToken)
[xUnit.net 00:00:02.41]         c:\Users\38161\Desktop\Landlord\LandlordApp.Tests\Services\RoommateServiceTests.cs(73,0): at LandlordApp.Tests.Services.RoommateServiceTests.SeedTestData()
[xUnit.net 00:00:02.42]       System.AggregateException : One or more errors occurred. (Required properties '{'Password'}' are missing for the instance of entity type 'User'. Consider using 'DbContextOptionsBuilder.EnableSensitiveDataLogging' to see the entity key value.)
[xUnit.net 00:00:02.42]       ---- Microsoft.EntityFrameworkCore.DbUpdateException : Required properties '{'Password'}' are missing for the instance of entity type 'User'. Consider using 'DbContextOptionsBuilder.EnableSensitiveDataLogging' to see the entity key value.
[xUnit.net 00:00:02.42]       Stack Trace:
[xUnit.net 00:00:02.42]            at System.Threading.Tasks.Task.ThrowIfExceptional(Boolean includeTaskCanceledExceptions)
[xUnit.net 00:00:02.42]            at System.Threading.Tasks.Task.Wait(Int32 millisecondsTimeout, CancellationToken cancellationToken)
[xUnit.net 00:00:02.42]            at System.Threading.Tasks.Task.Wait()
[xUnit.net 00:00:02.42]         c:\Users\38161\Desktop\Landlord\LandlordApp.Tests\Services\RoommateServiceTests.cs(58,0): at LandlordApp.Tests.Services.RoommateServiceTests..ctor()
[xUnit.net 00:00:02.42]            at System.RuntimeType.CreateInstanceDefaultCtor(Boolean publicOnly, Boolean wrapExceptions)
[xUnit.net 00:00:02.42]         ----- Inner Stack Trace -----
[xUnit.net 00:00:02.42]            at Microsoft.EntityFrameworkCore.InMemory.Storage.Internal.InMemoryTable`1.ThrowNullabilityErrorException(IUpdateEntry entry, IList`1 nullabilityErrors)
[xUnit.net 00:00:02.42]            at Microsoft.EntityFrameworkCore.InMemory.Storage.Internal.InMemoryTable`1.Create(IUpdateEntry entry, IDiagnosticsLogger`1 updateLogger)
[xUnit.net 00:00:02.42]            at Microsoft.EntityFrameworkCore.InMemory.Storage.Internal.InMemoryStore.ExecuteTransaction(IList`1 entries, IDiagnosticsLogger`1 updateLogger)
[xUnit.net 00:00:02.42]            at Microsoft.EntityFrameworkCore.InMemory.Storage.Internal.InMemoryDatabase.SaveChangesAsync(IList`1 entries, CancellationToken cancellationToken)
[xUnit.net 00:00:02.42]            at Microsoft.EntityFrameworkCore.ChangeTracking.Internal.StateManager.SaveChangesAsync(IList`1 entriesToSave, CancellationToken cancellationToken)
[xUnit.net 00:00:02.42]            at Microsoft.EntityFrameworkCore.ChangeTracking.Internal.StateManager.SaveChangesAsync(StateManager stateManager, Boolean acceptAllChangesOnSuccess, CancellationToken cancellationToken)
[xUnit.net 00:00:02.42]            at Microsoft.EntityFrameworkCore.DbContext.SaveChangesAsync(Boolean acceptAllChangesOnSuccess, CancellationToken cancellationToken)
[xUnit.net 00:00:02.42]            at Microsoft.EntityFrameworkCore.DbContext.SaveChangesAsync(Boolean acceptAllChangesOnSuccess, CancellationToken cancellationToken)
[xUnit.net 00:00:02.42]         c:\Users\38161\Desktop\Landlord\LandlordApp.Tests\Services\RoommateServiceTests.cs(73,0): at LandlordApp.Tests.Services.RoommateServiceTests.SeedTestData()
  Failed LandlordApp.Tests.Services.RoommateServiceTests.DeleteRoommateAsync_Ownership_ShouldDeactivate [1 ms]
  Error Message:
   System.AggregateException : One or more errors occurred. (Required properties '{'Password'}' are missing for the instance of entity type 'User'. Consider using 'DbContextOptionsBuilder.EnableSensitiveDataLogging' to see the entity key value.)
---- Microsoft.EntityFrameworkCore.DbUpdateException : Required properties '{'Password'}' are missing for the instance of entity type 'User'. Consider using 'DbContextOptionsBuilder.EnableSensitiveDataLogging' to see the entity key value.
  Stack Trace:
     at System.Threading.Tasks.Task.ThrowIfExceptional(Boolean includeTaskCanceledExceptions)
   at System.Threading.Tasks.Task.Wait(Int32 millisecondsTimeout, CancellationToken cancellationToken)
   at System.Threading.Tasks.Task.Wait()
   at LandlordApp.Tests.Services.RoommateServiceTests..ctor() in c:\Users\38161\Desktop\Landlord\LandlordApp.Tests\Services\RoommateServiceTests.cs:line 58
   at System.RuntimeType.CreateInstanceDefaultCtor(Boolean publicOnly, Boolean wrapExceptions)
----- Inner Stack Trace -----
   at Microsoft.EntityFrameworkCore.InMemory.Storage.Internal.InMemoryTable`1.ThrowNullabilityErrorException(IUpdateEntry entry, IList`1 nullabilityErrors)
   at Microsoft.EntityFrameworkCore.InMemory.Storage.Internal.InMemoryTable`1.Create(IUpdateEntry entry, IDiagnosticsLogger`1 updateLogger)
   at Microsoft.EntityFrameworkCore.InMemory.Storage.Internal.InMemoryStore.ExecuteTransaction(IList`1 entries, IDiagnosticsLogger`1 updateLogger)
   at Microsoft.EntityFrameworkCore.InMemory.Storage.Internal.InMemoryDatabase.SaveChangesAsync(IList`1 entries, CancellationToken cancellationToken)
   at Microsoft.EntityFrameworkCore.ChangeTracking.Internal.StateManager.SaveChangesAsync(IList`1 entriesToSave, CancellationToken cancellationToken)
   at Microsoft.EntityFrameworkCore.ChangeTracking.Internal.StateManager.SaveChangesAsync(StateManager stateManager, Boolean acceptAllChangesOnSuccess, CancellationToken cancellationToken)
   at Microsoft.EntityFrameworkCore.DbContext.SaveChangesAsync(Boolean acceptAllChangesOnSuccess, CancellationToken cancellationToken)
   at Microsoft.EntityFrameworkCore.DbContext.SaveChangesAsync(Boolean acceptAllChangesOnSuccess, CancellationToken cancellationToken)
   at LandlordApp.Tests.Services.RoommateServiceTests.SeedTestData() in c:\Users\38161\Desktop\Landlord\LandlordApp.Tests\Services\RoommateServiceTests.cs:line 73
  Passed LandlordApp.Tests.Services.ApartmentApplicationServiceTests.GetTenantApplicationsAsync_NoApplications_ShouldReturnEmpty [24 ms]
  Passed LandlordApp.Tests.Services.ApartmentServiceTests.DeleteApartmentAsync_NotificationsDisabled_ShouldNotSendEmail [227 ms]
  Failed LandlordApp.Tests.Services.RoommateServiceTests.GetRoommateByIdAsync_ExistentId_ShouldReturnRoommate [1 ms]
  Error Message:
   System.AggregateException : One or more errors occurred. (Required properties '{'Password'}' are missing for the instance of entity type 'User'. Consider using 'DbContextOptionsBuilder.EnableSensitiveDataLogging' to see the entity key value.)
---- Microsoft.EntityFrameworkCore.DbUpdateException : Required properties '{'Password'}' are missing for the instance of entity type 'User'. Consider using 'DbContextOptionsBuilder.EnableSensitiveDataLogging' to see the entity key value.
  Stack Trace:
     at System.Threading.Tasks.Task.ThrowIfExceptional(Boolean includeTaskCanceledExceptions)
   at System.Threading.Tasks.Task.Wait(Int32 millisecondsTimeout, CancellationToken cancellationToken)
   at System.Threading.Tasks.Task.Wait()
   at LandlordApp.Tests.Services.RoommateServiceTests..ctor() in c:\Users\38161\Desktop\Landlord\LandlordApp.Tests\Services\RoommateServiceTests.cs:line 58
   at System.RuntimeType.CreateInstanceDefaultCtor(Boolean publicOnly, Boolean wrapExceptions)
----- Inner Stack Trace -----
   at Microsoft.EntityFrameworkCore.InMemory.Storage.Internal.InMemoryTable`1.ThrowNullabilityErrorException(IUpdateEntry entry, IList`1 nullabilityErrors)
   at Microsoft.EntityFrameworkCore.InMemory.Storage.Internal.InMemoryTable`1.Create(IUpdateEntry entry, IDiagnosticsLogger`1 updateLogger)
   at Microsoft.EntityFrameworkCore.InMemory.Storage.Internal.InMemoryStore.ExecuteTransaction(IList`1 entries, IDiagnosticsLogger`1 updateLogger)
   at Microsoft.EntityFrameworkCore.InMemory.Storage.Internal.InMemoryDatabase.SaveChangesAsync(IList`1 entries, CancellationToken cancellationToken)
   at Microsoft.EntityFrameworkCore.ChangeTracking.Internal.StateManager.SaveChangesAsync(IList`1 entriesToSave, CancellationToken cancellationToken)
   at Microsoft.EntityFrameworkCore.ChangeTracking.Internal.StateManager.SaveChangesAsync(StateManager stateManager, Boolean acceptAllChangesOnSuccess, CancellationToken cancellationToken)
   at Microsoft.EntityFrameworkCore.DbContext.SaveChangesAsync(Boolean acceptAllChangesOnSuccess, CancellationToken cancellationToken)
   at Microsoft.EntityFrameworkCore.DbContext.SaveChangesAsync(Boolean acceptAllChangesOnSuccess, CancellationToken cancellationToken)
   at LandlordApp.Tests.Services.RoommateServiceTests.SeedTestData() in c:\Users\38161\Desktop\Landlord\LandlordApp.Tests\Services\RoommateServiceTests.cs:line 73
  Failed LandlordApp.Tests.Services.RoommateServiceTests.GetAllRoommatesAsync_FilterByLocation_ShouldReturnMatching [1 ms]
  Error Message:
   System.AggregateException : One or more errors occurred. (Required properties '{'Password'}' are missing for the instance of entity type 'User'. Consider using 'DbContextOptionsBuilder.EnableSensitiveDataLogging' to see the entity key value.)
---- Microsoft.EntityFrameworkCore.DbUpdateException : Required properties '{'Password'}' are missing for the instance of entity type 'User'. Consider using 'DbContextOptionsBuilder.EnableSensitiveDataLogging' to see the entity key value.
  Stack Trace:
     at System.Threading.Tasks.Task.ThrowIfExceptional(Boolean includeTaskCanceledExceptions)
   at System.Threading.Tasks.Task.Wait(Int32 millisecondsTimeout, CancellationToken cancellationToken)
   at System.Threading.Tasks.Task.Wait()
   at LandlordApp.Tests.Services.RoommateServiceTests..ctor() in c:\Users\38161\Desktop\Landlord\LandlordApp.Tests\Services\RoommateServiceTests.cs:line 58
   at System.RuntimeType.CreateInstanceDefaultCtor(Boolean publicOnly, Boolean wrapExceptions)
----- Inner Stack Trace -----
   at Microsoft.EntityFrameworkCore.InMemory.Storage.Internal.InMemoryTable`1.ThrowNullabilityErrorException(IUpdateEntry entry, IList`1 nullabilityErrors)
   at Microsoft.EntityFrameworkCore.InMemory.Storage.Internal.InMemoryTable`1.Create(IUpdateEntry entry, IDiagnosticsLogger`1 updateLogger)
   at Microsoft.EntityFrameworkCore.InMemory.Storage.Internal.InMemoryStore.ExecuteTransaction(IList`1 entries, IDiagnosticsLogger`1 updateLogger)
   at Microsoft.EntityFrameworkCore.InMemory.Storage.Internal.InMemoryDatabase.SaveChangesAsync(IList`1 entries, CancellationToken cancellationToken)
   at Microsoft.EntityFrameworkCore.ChangeTracking.Internal.StateManager.SaveChangesAsync(IList`1 entriesToSave, CancellationToken cancellationToken)
   at Microsoft.EntityFrameworkCore.ChangeTracking.Internal.StateManager.SaveChangesAsync(StateManager stateManager, Boolean acceptAllChangesOnSuccess, CancellationToken cancellationToken)
   at Microsoft.EntityFrameworkCore.DbContext.SaveChangesAsync(Boolean acceptAllChangesOnSuccess, CancellationToken cancellationToken)
   at Microsoft.EntityFrameworkCore.DbContext.SaveChangesAsync(Boolean acceptAllChangesOnSuccess, CancellationToken cancellationToken)
   at LandlordApp.Tests.Services.RoommateServiceTests.SeedTestData() in c:\Users\38161\Desktop\Landlord\LandlordApp.Tests\Services\RoommateServiceTests.cs:line 73
  Failed LandlordApp.Tests.Services.RoommateServiceTests.CreateRoommateAsync_NewProfile_ShouldCreateRoommate [1 ms]
  Error Message:
   System.AggregateException : One or more errors occurred. (Required properties '{'Password'}' are missing for the instance of entity type 'User'. Consider using 'DbContextOptionsBuilder.EnableSensitiveDataLogging' to see the entity key value.)
---- Microsoft.EntityFrameworkCore.DbUpdateException : Required properties '{'Password'}' are missing for the instance of entity type 'User'. Consider using 'DbContextOptionsBuilder.EnableSensitiveDataLogging' to see the entity key value.
  Stack Trace:
     at System.Threading.Tasks.Task.ThrowIfExceptional(Boolean includeTaskCanceledExceptions)
   at System.Threading.Tasks.Task.Wait(Int32 millisecondsTimeout, CancellationToken cancellationToken)
   at System.Threading.Tasks.Task.Wait()
   at LandlordApp.Tests.Services.RoommateServiceTests..ctor() in c:\Users\38161\Desktop\Landlord\LandlordApp.Tests\Services\RoommateServiceTests.cs:line 58
   at System.RuntimeType.CreateInstanceDefaultCtor(Boolean publicOnly, Boolean wrapExceptions)
----- Inner Stack Trace -----
   at Microsoft.EntityFrameworkCore.InMemory.Storage.Internal.InMemoryTable`1.ThrowNullabilityErrorException(IUpdateEntry entry, IList`1 nullabilityErrors)
   at Microsoft.EntityFrameworkCore.InMemory.Storage.Internal.InMemoryTable`1.Create(IUpdateEntry entry, IDiagnosticsLogger`1 updateLogger)
   at Microsoft.EntityFrameworkCore.InMemory.Storage.Internal.InMemoryStore.ExecuteTransaction(IList`1 entries, IDiagnosticsLogger`1 updateLogger)
   at Microsoft.EntityFrameworkCore.InMemory.Storage.Internal.InMemoryDatabase.SaveChangesAsync(IList`1 entries, CancellationToken cancellationToken)
   at Microsoft.EntityFrameworkCore.ChangeTracking.Internal.StateManager.SaveChangesAsync(IList`1 entriesToSave, CancellationToken cancellationToken)
   at Microsoft.EntityFrameworkCore.ChangeTracking.Internal.StateManager.SaveChangesAsync(StateManager stateManager, Boolean acceptAllChangesOnSuccess, CancellationToken cancellationToken)
   at Microsoft.EntityFrameworkCore.DbContext.SaveChangesAsync(Boolean acceptAllChangesOnSuccess, CancellationToken cancellationToken)
   at Microsoft.EntityFrameworkCore.DbContext.SaveChangesAsync(Boolean acceptAllChangesOnSuccess, CancellationToken cancellationToken)
   at LandlordApp.Tests.Services.RoommateServiceTests.SeedTestData() in c:\Users\38161\Desktop\Landlord\LandlordApp.Tests\Services\RoommateServiceTests.cs:line 73
  Passed LandlordApp.Tests.Services.ApartmentApplicationServiceTests.ApplyForApartmentAsync_DuplicateApplication_ShouldReturnNull [78 ms]
  Passed LandlordApp.Tests.Services.ApartmentApplicationServiceTests.GetApplicationByIdAsync_NonExistent_ShouldReturnNull [3 ms]
  Passed LandlordApp.Tests.Services.ApartmentApplicationServiceTests.ApplyForApartmentAsync_ShouldNotifyLandlord [46 ms]
  Passed LandlordApp.Tests.Services.ApartmentApplicationServiceTests.ApplyForApartmentAsync_DifferentTenants_ShouldBothApply [3 ms]
  Passed LandlordApp.Tests.Services.ApartmentApplicationServiceTests.UpdateApplicationStatusAsync_LandlordApproves_ShouldUpdateStatus [3 ms]
  Passed LandlordApp.Tests.Services.ApartmentApplicationServiceTests.ApplyForApartmentAsync_NewApplication_ShouldCreateAndReturnApplication [13 ms]
  Passed LandlordApp.Tests.Services.ApartmentApplicationServiceTests.GetApplicationByIdAsync_Existing_ShouldReturn [3 ms]
  Passed LandlordApp.Tests.Services.ApartmentApplicationServiceTests.GetLandlordApplicationsAsync_ShouldReturnOnlyApplicationsForLandlordApartments [7 ms]
  Passed LandlordApp.Tests.Services.ApartmentApplicationServiceTests.GetTenantApplicationsAsync_WithApplications_ShouldReturnOnlyTenantOnes [11 ms]
  Passed LandlordApp.Tests.Services.ApartmentServiceTests.GetMyApartmentsAsync_ShouldReturnOnlyCurrentUserApartments [210 ms]
  Passed LandlordApp.Tests.Services.MessageServiceTests.GetUserConversationsAsync_ShouldReturnDistinctConversations [323 ms]
  Passed LandlordApp.Tests.Services.MessageServiceTests.IsUserBlockedAsync_NotBlocked_ShouldReturnFalse [7 ms]
  Passed LandlordApp.Tests.Services.ReviewFavoriteServiceTests.CreateReview_ValidRequest_ShouldSaveToDb [245 ms]
  Passed LandlordApp.Tests.Services.ApartmentServiceTests.CreateApartmentAsync_ForSale_ShouldSetCorrectListingType [38 ms]
  Passed LandlordApp.Tests.Services.MessageServiceTests.GetMessageByIdAsync_NonExistent_ShouldReturnNull [21 ms]
  Passed LandlordApp.Tests.Services.ApartmentServiceTests.GetApartmentByIdAsync_DeletedApartment_ShouldReturnNull [7 ms]
  Passed LandlordApp.Tests.Services.ApartmentServiceTests.DeleteApartmentAsync_NoSavedSearches_ShouldDeleteWithoutSendingEmails [10 ms]
  Passed LandlordApp.Tests.Services.MachineLearningTests.TrainModelAsync_InsufficientData_ShouldThrowException [212 ms]
  Passed LandlordApp.Tests.Services.MessageServiceTests.GetConversationAsync_NoMessages_ShouldReturnEmpty [85 ms]
  Passed LandlordApp.Tests.Services.ApartmentServiceTests.GetAllApartmentsAsync_NoFilters_ShouldReturnAllActiveApartments [101 ms]
  Passed LandlordApp.Tests.Services.MessageServiceTests.SendMessageAsync_LongMessage_ShouldTruncateEmailPreview [33 ms]
  Passed LandlordApp.Tests.Services.ReviewFavoriteServiceTests.DeleteFavorite_ExistentId_ShouldRemoveFromDb [175 ms]
  Passed LandlordApp.Tests.Services.MessageServiceTests.ArchiveConversationAsync_ShouldSetIsArchived [55 ms]
  Passed LandlordApp.Tests.Services.ReviewFavoriteServiceTests.GetReviewById_ExistentReview_ShouldReturnReview [99 ms]
  Passed LandlordApp.Tests.Services.ApartmentServiceTests.GetAllApartmentsAsync_FilterByNumberOfRooms_ShouldReturnMatching [162 ms]
  Passed LandlordApp.Tests.Services.ReviewFavoriteServiceTests.CreateFavorite_ValidRequest_ShouldSaveToDb [28 ms]
  Passed LandlordApp.Tests.Services.ApartmentServiceTests.CreateApartmentAsync_WithAllFeatures_ShouldSaveAllFeatures [63 ms]
  Passed LandlordApp.Tests.Services.MachineLearningTests.CalculateMatchScoreAsync_ValidUsers_ShouldReturnScore [282 ms]
  Passed LandlordApp.Tests.Services.ApartmentServiceTests.UpdateApartmentAsync_ValidUpdate_ShouldUpdateApartment [7 ms]
  Passed LandlordApp.Tests.Services.MessageServiceTests.SendMessageAsync_ShouldFireEmailToReceiver [214 ms]
  Passed LandlordApp.Tests.Services.MachineLearningTests.GetMatchesForUserAsync_ExistentUser_ShouldReturnMatches [62 ms]
  Passed LandlordApp.Tests.Services.MachineLearningTests.PredictPriceAsync_ModelNotTrained_ShouldReturnMessage [10 ms]
  Passed LandlordApp.Tests.Services.MessageServiceTests.MuteConversationAsync_ShouldSetIsMuted [7 ms]
  Passed LandlordApp.Tests.Services.ApartmentServiceTests.GetAllApartmentsAsync_FilterByListingType_ShouldReturnOnlyRentOrSale [77 ms]
  Passed LandlordApp.Tests.Services.MessageServiceTests.SendMessageAsync_ShouldIncludeSenderAndReceiverNames [4 ms]
  Passed LandlordApp.Tests.Services.MessageServiceTests.UnblockUserAsync_ShouldClearIsBlocked [7 ms]
  Passed LandlordApp.Tests.Services.ApartmentServiceTests.DeleteApartmentAsync_WithSavedSearchEmailEnabled_ShouldSendNotification [30 ms]
  Passed LandlordApp.Tests.Services.MessageServiceTests.SearchMessagesAsync_MatchingQuery_ShouldReturnResults [49 ms]
  Passed LandlordApp.Tests.Services.MessageServiceTests.MarkAsReadAsync_UnreadMessage_ShouldMarkRead [5 ms]
  Passed LandlordApp.Tests.Services.MessageServiceTests.UnarchiveConversationAsync_ShouldClearIsArchived [16 ms]
  Passed LandlordApp.Tests.Services.MessageServiceTests.SendMessageAsync_ValidMessage_ShouldCreateAndReturn [15 ms]
  Passed LandlordApp.Tests.Services.ApartmentServiceTests.GetAllApartmentsAsync_FilterByCity_ShouldReturnOnlyMatchingCity [74 ms]
  Passed LandlordApp.Tests.Services.MessageServiceTests.DeleteConversationAsync_ShouldDeleteAllMessagesBetweenUsers [42 ms]
  Passed LandlordApp.Tests.Services.AppointmentServiceTests.GetAvailableSlotsAsync_ValidDate_ShouldReturnSlots [151 ms]
  Passed LandlordApp.Tests.Services.MessageServiceTests.MarkAsReadAsync_NonExistentMessage_ShouldNotThrow [17 ms]
  Passed LandlordApp.Tests.Services.MessageServiceTests.GetConversationAsync_ShouldReturnMessagesBetweenTwoUsers [24 ms]
  Passed LandlordApp.Tests.Services.MessageServiceTests.GetMessageByIdAsync_Existing_ShouldReturn [5 ms]
  Passed LandlordApp.Tests.Services.AnalyticsServiceTests.GetSummaryAsync_ShouldReturnCorrectCounts [328 ms]
  Passed LandlordApp.Tests.Services.MessageServiceTests.GetConversationAsync_ShouldReturnPagedResults [7 ms]
  Passed LandlordApp.Tests.Services.MessageServiceTests.UnmuteConversationAsync_ShouldClearIsMuted [6 ms]
  Passed LandlordApp.Tests.Services.ApartmentServiceTests.GetAllApartmentsAsync_WithPagination_ShouldReturnCorrectPage [95 ms]
  Passed LandlordApp.Tests.Services.MessageServiceTests.GetUnreadCountAsync_NoMessages_ShouldReturnZero [4 ms]
  Passed LandlordApp.Tests.Services.ApartmentServiceTests.GetApartmentByIdAsync_NonExistentApartment_ShouldReturnNull [6 ms]
  Passed LandlordApp.Tests.Services.AnalyticsServiceTests.TrackEventAsync_ShouldSaveEvent [23 ms]
  Passed LandlordApp.Tests.Services.MessageServiceTests.SearchMessagesAsync_EmptyQuery_ShouldReturnEmpty [7 ms]
  Passed LandlordApp.Tests.Services.MessageServiceTests.GetUserConversationsAsync_NoMessages_ShouldReturnEmpty [5 ms]
  Passed LandlordApp.Tests.Services.AppointmentServiceTests.GetAvailableSlotsAsync_CancelledAppointment_ShouldShowAsAvailable [80 ms]
[xUnit.net 00:00:03.48]       Microsoft.EntityFrameworkCore.DbUpdateException : Required properties '{'EventCategory'}' are missing for the instance of entity type 'AnalyticsEvent'. Consider using 'DbContextOptionsBuilder.EnableSensitiveDataLogging' to see the entity key value.
[xUnit.net 00:00:03.49]       Stack Trace:
[xUnit.net 00:00:03.49]            at Microsoft.EntityFrameworkCore.InMemory.Storage.Internal.InMemoryTable`1.ThrowNullabilityErrorException(IUpdateEntry entry, IList`1 nullabilityErrors)
[xUnit.net 00:00:03.49]            at Microsoft.EntityFrameworkCore.InMemory.Storage.Internal.InMemoryTable`1.Create(IUpdateEntry entry, IDiagnosticsLogger`1 updateLogger)
[xUnit.net 00:00:03.49]            at Microsoft.EntityFrameworkCore.InMemory.Storage.Internal.InMemoryStore.ExecuteTransaction(IList`1 entries, IDiagnosticsLogger`1 updateLogger)
[xUnit.net 00:00:03.49]            at Microsoft.EntityFrameworkCore.InMemory.Storage.Internal.InMemoryDatabase.SaveChangesAsync(IList`1 entries, CancellationToken cancellationToken)
[xUnit.net 00:00:03.49]            at Microsoft.EntityFrameworkCore.ChangeTracking.Internal.StateManager.SaveChangesAsync(IList`1 entriesToSave, CancellationToken cancellationToken)
[xUnit.net 00:00:03.49]            at Microsoft.EntityFrameworkCore.ChangeTracking.Internal.StateManager.SaveChangesAsync(StateManager stateManager, Boolean acceptAllChangesOnSuccess, CancellationToken cancellationToken)
[xUnit.net 00:00:03.49]            at Microsoft.EntityFrameworkCore.DbContext.SaveChangesAsync(Boolean acceptAllChangesOnSuccess, CancellationToken cancellationToken)
[xUnit.net 00:00:03.49]            at Microsoft.EntityFrameworkCore.DbContext.SaveChangesAsync(Boolean acceptAllChangesOnSuccess, CancellationToken cancellationToken)
[xUnit.net 00:00:03.49]         c:\Users\38161\Desktop\Landlord\LandlordApp.Tests\Services\AnalyticsServiceTests.cs(115,0): at LandlordApp.Tests.Services.AnalyticsServiceTests.GetTopViewedApartmentsAsync_ShouldReturnTopApartments()
[xUnit.net 00:00:03.49]         --- End of stack trace from previous location ---
  Passed LandlordApp.Tests.Services.MessageServiceTests.SearchMessagesAsync_NoMatches_ShouldReturnEmpty [5 ms]
  Passed LandlordApp.Tests.Services.ApartmentServiceTests.DeleteApartmentAsync_ExistingApartment_ShouldMarkAsDeleted [46 ms]
  Passed LandlordApp.Tests.Services.ApartmentServiceTests.ActivateApartmentAsync_NonExistentApartment_ShouldReturnFalse [42 ms]
  Passed LandlordApp.Tests.Services.AppointmentServiceTests.SetMyAvailabilityAsync_ReplacesExistingSlots [79 ms]
  Passed LandlordApp.Tests.Services.AppointmentServiceTests.UpdateAppointmentStatusAsync_LandlordRejects_ShouldUpdateStatus [33 ms]
  Passed LandlordApp.Tests.Services.AppointmentServiceTests.GetLandlordAppointmentsAsync_ShouldReturnLandlordAppointments [24 ms]
  Passed LandlordApp.Tests.Services.ApartmentServiceTests.GetAllApartmentsAsync_FilterByPriceRange_ShouldReturnOnlyInRange [68 ms]
  Passed LandlordApp.Tests.Services.AppointmentServiceTests.UpdateAppointmentStatusAsync_LandlordConfirms_ShouldUpdateStatus [5 ms]
  Failed LandlordApp.Tests.Services.AnalyticsServiceTests.GetTopViewedApartmentsAsync_ShouldReturnTopApartments [158 ms]
  Error Message:
   Microsoft.EntityFrameworkCore.DbUpdateException : Required properties '{'EventCategory'}' are missing for the instance of entity type 'AnalyticsEvent'. Consider using 'DbContextOptionsBuilder.EnableSensitiveDataLogging' to see the entity key value.
  Stack Trace:
     at Microsoft.EntityFrameworkCore.InMemory.Storage.Internal.InMemoryTable`1.ThrowNullabilityErrorException(IUpdateEntry entry, IList`1 nullabilityErrors)
   at Microsoft.EntityFrameworkCore.InMemory.Storage.Internal.InMemoryTable`1.Create(IUpdateEntry entry, IDiagnosticsLogger`1 updateLogger)
   at Microsoft.EntityFrameworkCore.InMemory.Storage.Internal.InMemoryStore.ExecuteTransaction(IList`1 entries, IDiagnosticsLogger`1 updateLogger)
   at Microsoft.EntityFrameworkCore.InMemory.Storage.Internal.InMemoryDatabase.SaveChangesAsync(IList`1 entries, CancellationToken cancellationToken)
   at Microsoft.EntityFrameworkCore.ChangeTracking.Internal.StateManager.SaveChangesAsync(IList`1 entriesToSave, CancellationToken cancellationToken)
   at Microsoft.EntityFrameworkCore.ChangeTracking.Internal.StateManager.SaveChangesAsync(StateManager stateManager, Boolean acceptAllChangesOnSuccess, CancellationToken cancellationToken)
   at Microsoft.EntityFrameworkCore.DbContext.SaveChangesAsync(Boolean acceptAllChangesOnSuccess, CancellationToken cancellationToken)
   at Microsoft.EntityFrameworkCore.DbContext.SaveChangesAsync(Boolean acceptAllChangesOnSuccess, CancellationToken cancellationToken)
   at LandlordApp.Tests.Services.AnalyticsServiceTests.GetTopViewedApartmentsAsync_ShouldReturnTopApartments() in c:\Users\38161\Desktop\Landlord\LandlordApp.Tests\Services\AnalyticsServiceTests.cs:line 115
--- End of stack trace from previous location ---
[xUnit.net 00:00:03.50]       Microsoft.EntityFrameworkCore.DbUpdateException : Required properties '{'EventCategory'}' are missing for the instance of entity type 'AnalyticsEvent'. Consider using 'DbContextOptionsBuilder.EnableSensitiveDataLogging' to see the entity key value.
[xUnit.net 00:00:03.50]       Stack Trace:
[xUnit.net 00:00:03.50]            at Microsoft.EntityFrameworkCore.InMemory.Storage.Internal.InMemoryTable`1.ThrowNullabilityErrorException(IUpdateEntry entry, IList`1 nullabilityErrors)
[xUnit.net 00:00:03.50]            at Microsoft.EntityFrameworkCore.InMemory.Storage.Internal.InMemoryTable`1.Create(IUpdateEntry entry, IDiagnosticsLogger`1 updateLogger)
[xUnit.net 00:00:03.50]            at Microsoft.EntityFrameworkCore.InMemory.Storage.Internal.InMemoryStore.ExecuteTransaction(IList`1 entries, IDiagnosticsLogger`1 updateLogger)
[xUnit.net 00:00:03.50]            at Microsoft.EntityFrameworkCore.InMemory.Storage.Internal.InMemoryDatabase.SaveChangesAsync(IList`1 entries, CancellationToken cancellationToken)
[xUnit.net 00:00:03.50]            at Microsoft.EntityFrameworkCore.ChangeTracking.Internal.StateManager.SaveChangesAsync(IList`1 entriesToSave, CancellationToken cancellationToken)
[xUnit.net 00:00:03.50]            at Microsoft.EntityFrameworkCore.ChangeTracking.Internal.StateManager.SaveChangesAsync(StateManager stateManager, Boolean acceptAllChangesOnSuccess, CancellationToken cancellationToken)
[xUnit.net 00:00:03.50]            at Microsoft.EntityFrameworkCore.DbContext.SaveChangesAsync(Boolean acceptAllChangesOnSuccess, CancellationToken cancellationToken)
[xUnit.net 00:00:03.50]            at Microsoft.EntityFrameworkCore.DbContext.SaveChangesAsync(Boolean acceptAllChangesOnSuccess, CancellationToken cancellationToken)
[xUnit.net 00:00:03.50]         c:\Users\38161\Desktop\Landlord\LandlordApp.Tests\Services\AnalyticsServiceTests.cs(153,0): at LandlordApp.Tests.Services.AnalyticsServiceTests.GetLandlordApartmentViewsAsync_ShouldReturnStatsForLandlord()
[xUnit.net 00:00:03.50]         --- End of stack trace from previous location ---
  Failed LandlordApp.Tests.Services.AnalyticsServiceTests.GetLandlordApartmentViewsAsync_ShouldReturnStatsForLandlord [9 ms]
  Error Message:
   Microsoft.EntityFrameworkCore.DbUpdateException : Required properties '{'EventCategory'}' are missing for the instance of entity type 'AnalyticsEvent'. Consider using 'DbContextOptionsBuilder.EnableSensitiveDataLogging' to see the entity key value.
  Stack Trace:
     at Microsoft.EntityFrameworkCore.InMemory.Storage.Internal.InMemoryTable`1.ThrowNullabilityErrorException(IUpdateEntry entry, IList`1 nullabilityErrors)
   at Microsoft.EntityFrameworkCore.InMemory.Storage.Internal.InMemoryTable`1.Create(IUpdateEntry entry, IDiagnosticsLogger`1 updateLogger)
   at Microsoft.EntityFrameworkCore.InMemory.Storage.Internal.InMemoryStore.ExecuteTransaction(IList`1 entries, IDiagnosticsLogger`1 updateLogger)
   at Microsoft.EntityFrameworkCore.InMemory.Storage.Internal.InMemoryDatabase.SaveChangesAsync(IList`1 entries, CancellationToken cancellationToken)
   at Microsoft.EntityFrameworkCore.ChangeTracking.Internal.StateManager.SaveChangesAsync(IList`1 entriesToSave, CancellationToken cancellationToken)
   at Microsoft.EntityFrameworkCore.ChangeTracking.Internal.StateManager.SaveChangesAsync(StateManager stateManager, Boolean acceptAllChangesOnSuccess, CancellationToken cancellationToken)
   at Microsoft.EntityFrameworkCore.DbContext.SaveChangesAsync(Boolean acceptAllChangesOnSuccess, CancellationToken cancellationToken)
   at Microsoft.EntityFrameworkCore.DbContext.SaveChangesAsync(Boolean acceptAllChangesOnSuccess, CancellationToken cancellationToken)
   at LandlordApp.Tests.Services.AnalyticsServiceTests.GetLandlordApartmentViewsAsync_ShouldReturnStatsForLandlord() in c:\Users\38161\Desktop\Landlord\LandlordApp.Tests\Services\AnalyticsServiceTests.cs:line 153
--- End of stack trace from previous location ---
  Passed LandlordApp.Tests.Services.AppointmentServiceTests.CancelAppointmentAsync_TenantCancels_ShouldCancelAppointment [18 ms]
  Passed LandlordApp.Tests.Services.AppointmentServiceTests.CreateAppointmentAsync_ConflictingTimeSlot_ShouldThrowException [48 ms]
  Passed LandlordApp.Tests.Services.AppointmentServiceTests.CancelAppointmentAsync_UnauthorizedUser_ShouldThrowException [6 ms]
  Passed LandlordApp.Tests.Services.AppointmentServiceTests.GetMyAvailabilityAsync_NoSlotsSet_ShouldReturnEmptyList [25 ms]
  Passed LandlordApp.Tests.Services.AppointmentServiceTests.GetMyAvailabilityAsync_InactiveSlots_ShouldNotBeReturned [5 ms]
  Passed LandlordApp.Tests.Services.AppointmentServiceTests.CreateAppointmentAsync_NonExistentApartment_ShouldThrowException [9 ms]
  Passed LandlordApp.Tests.Services.AppointmentServiceTests.GetAvailableSlotsAsync_NoAvailabilitySet_ShouldUseFallback9To17 [7 ms]
  Passed LandlordApp.Tests.Services.AppointmentServiceTests.SetMyAvailabilityAsync_EmptyList_ClearsAllSlots [6 ms]
  Passed LandlordApp.Tests.Services.AppointmentServiceTests.GetMyAvailabilityAsync_WithSlotsSet_ShouldReturnCorrectSlots [10 ms]
  Passed LandlordApp.Tests.Services.AppointmentServiceTests.GetMyAppointmentsAsync_Tenant_ShouldReturnTenantAppointments [16 ms]
  Passed LandlordApp.Tests.Services.AppointmentServiceTests.GetAvailableSlotsAsync_WithLandlordAvailability_ShouldRespectCustomWindow [8 ms]
  Passed LandlordApp.Tests.Services.AppointmentServiceTests.SetMyAvailabilityAsync_NewSlots_ShouldPersistAll [6 ms]
  Passed LandlordApp.Tests.Services.AppointmentServiceTests.CancelAppointmentAsync_LandlordCancels_ShouldCancelAppointment [5 ms]
  Passed LandlordApp.Tests.Services.AppointmentServiceTests.GetAvailableSlotsAsync_WithBookedSlots_ShouldMarkAsUnavailable [6 ms]
  Passed LandlordApp.Tests.Services.AppointmentServiceTests.GetAvailableSlotsAsync_WithLandlordAvailability_BookedSlotMarkedUnavailable [6 ms]
  Passed LandlordApp.Tests.Services.AppointmentServiceTests.CreateAppointmentAsync_ShouldSendEmailToLandlord [10 ms]
  Passed LandlordApp.Tests.Services.AppointmentServiceTests.GetMyAppointmentsAsync_NoAppointments_ShouldReturnEmpty [5 ms]
[xUnit.net 00:00:03.73]   Finished:    LandlordApp.Tests
  Passed LandlordApp.Tests.Services.AppointmentServiceTests.CreateAppointmentAsync_ValidInput_ShouldCreateAppointment [18 ms]
  Passed LandlordApp.Tests.Services.AppointmentServiceTests.UpdateAppointmentStatusAsync_NonExistentAppointment_ShouldThrowException [5 ms]
  Passed LandlordApp.Tests.Services.AppointmentServiceTests.CreateAppointmentAsync_PastDate_ShouldThrowException [5 ms]
  Passed LandlordApp.Tests.Services.AppointmentServiceTests.UpdateAppointmentStatusAsync_TenantTries_ShouldThrowUnauthorized [6 ms]

Total tests: 150
     Passed: 143
     Failed: 7
 Total time: 4.4200 Seconds
